============================= test session starts =============================
platform win32 -- Python 3.11.5, pytest-7.4.3, pluggy-1.3.0
rootdir: C:\Users\chris\OneDrive\Documents\Python\regmean_imputer
collected 3 items

tests\test_impute_column.py ...                                          [100%]

============================== warnings summary ===============================
tests/test_impute_column.py::test_impute_column
  C:\Users\chris\OneDrive\Documents\Python\regmean_imputer\regmean_imputer\impute_column.py:67: SettingWithCopyWarning: 
  A value is trying to be set on a copy of a slice from a DataFrame.
  Try using .loc[row_indexer,col_indexer] = value instead
  
  See the caveats in the documentation: https://pandas.pydata.org/pandas-docs/stable/user_guide/indexing.html#returning-a-view-versus-a-copy
    train_data.loc[:, indicator_col_name] = train_data[impute_col].isnull().astype(dtype=int)

tests/test_impute_column.py::test_impute_column
  C:\Users\chris\OneDrive\Documents\Python\regmean_imputer\regmean_imputer\impute_column.py:68: SettingWithCopyWarning: 
  A value is trying to be set on a copy of a slice from a DataFrame.
  Try using .loc[row_indexer,col_indexer] = value instead
  
  See the caveats in the documentation: https://pandas.pydata.org/pandas-docs/stable/user_guide/indexing.html#returning-a-view-versus-a-copy
    test_data.loc[:, indicator_col_name] = test_data[impute_col].isnull().astype(dtype=int)

-- Docs: https://docs.pytest.org/en/stable/how-to/capture-warnings.html
======================== 3 passed, 2 warnings in 2.26s ========================
